Microchip MPLAB XC8 Compiler V2.36

Linker command line:

-W-3 --edf=/Applications/microchip/xc8/v2.36/pic/dat/en_msgs.txt -cn \
  -h+dist/default/production/all-in-one.X.production.sym \
  --cmf=dist/default/production/all-in-one.X.production.cmf -z -Q18F47Q10 \
  -o/tmp/xci3RYctw --defsym=__MPLAB_BUILD=1 \
  -Mdist/default/production/all-in-one.X.production.map \
  --md=/tmp/xcfptq8Kv.dat -E1 -ver=XC8 Compiler --acfsm=1493 \
  -ACODE=00h-01FFFFh -ACONST=00h-01FFFFh -ASMALLCONST=0F00h-0FFFhx497 \
  -AMEDIUMCONST=0F00h-0FFFFh,010F00h-01FFFFh -ACOMRAM=01h-05Fh \
  -AABS1=00h-0CFFh,0E00h-0E1Eh -ABIGRAM=01h-0CFFh,0E00h-0E1Eh \
  -ARAM=060h-0FFh,0100h-01FFhx12,0E00h-0E1Eh -ABANK0=060h-0FFh \
  -ABANK1=0100h-01FFh -ABANK2=0200h-02FFh -ABANK3=0300h-03FFh \
  -ABANK4=0400h-04FFh -ABANK5=0500h-05FFh -ABANK6=0600h-06FFh \
  -ABANK7=0700h-07FFh -ABANK8=0800h-08FFh -ABANK9=0900h-09FFh \
  -ABANK10=0A00h-0AFFh -ABANK11=0B00h-0BFFh -ABANK12=0C00h-0CFFh \
  -ABANK14=0E00h-0E1Eh \
  -ASFR=0D00h-0DFFh,0E1Fh-0EFFh,0F00h-0F5Fh,0F60h-0FFFh \
  -ABIGSFR=0D00h-0DFFh,0E1Fh-0FFFh -ACONFIG=0300000h-030000Bh \
  -AIDLOC=0200000h-02000FFh -AEEDATA=0310000h-03103FFh -peeprom_data=EEDATA \
  -preset_vec=00h,intcode=08h,intcodelo,powerup,init -pramtop=0F00h \
  -psmallconst=SMALLCONST -pmediumconst=MEDIUMCONST -pconst=CONST \
  -AFARRAM=00h-00h \
  -prdata=COMRAM,nvrram=COMRAM,nvbit=COMRAM,rbss=COMRAM,rbit=COMRAM \
  -pfarbss=FARRAM,fardata=FARRAM,nvFARRAM=FARRAM \
  -pintsave_regs=BIGRAM,bigbss=BIGRAM,bigdata=BIGRAM -pbss=RAM \
  -pidata=CODE,irdata=CODE,ibigdata=CODE,ifardata=CODE -prparam=COMRAM \
  /tmp/xcnaFKJQr.o dist/default/production/all-in-one.X.production.o 

Object code version is 3.11

Machine type is 18F47Q10



                Name                               Link     Load   Length Selector   Space Scale
/tmp/xcnaFKJQr.o
                idloc                            200000   200000      100        0       5
                config                           300000   300000        C        0       4
                init                                17A      17A        4        4       0
                reset_vec                             0        0        4        0       0
dist/default/production/all-in-one.X.production.o
                intcode                               8        8      172        4       0
                idloc                            200000   200000      100        0       5
                config                           300000   300000        C        0       4
                temp                                 5E       5E        1        1       1
                mediumconst                        FDD8     FDD8      228     7EEC       0
                text199                           14342    14342        2     A0D0       0
                text198                           13968    13968       32     8000       0
                text197                           1425A    1425A        A     A0D0       0
                text196                           142FA    142FA        6     A0D0       0
                text195                           14338    14338        4     A0D0       0
                text194                           142F4    142F4        6     A0D0       0
                text193                           13C96    13C96       2C     8000       0
                text192                           14334    14334        4     A0D0       0
                text191                           14330    14330        4     A0D0       0
                text190                           1432C    1432C        4     A0D0       0
                text189                           13DF0    13DF0       24     8000       0
                text188                           12A86    12A86       84     8000       0
                text187                           13F7C    13F7C       1C     8000       0
                text186                           13C3A    13C3A       30     8000       0
                text185                           13C0A    13C0A       30     8000       0
                text184                           13BDA    13BDA       30     8000       0
                text183                           13BAA    13BAA       30     8000       0
                text182                           13B7A    13B7A       30     8000       0
                text181                           134E2    134E2       44     8000       0
                text180                           13B4A    13B4A       30     8000       0
                text179                           13B1A    13B1A       30     8000       0
                text178                           13AEA    13AEA       30     8000       0
                text177                           1349E    1349E       44     8000       0
                text176                           14328    14328        4     A0D0       0
                text175                           14324    14324        4     A0D0       0
                text174                           14320    14320        4     A0D0       0
                text173                           142EE    142EE        6     A0D0       0
                text172                           1431C    1431C        4     A0D0       0
                text171                           142E8    142E8        6     A0D0       0
                text170                           142BC    142BC        8     A0D0       0
                text169                           140B4    140B4       14     8000       0
                text168                           142E2    142E2        6     A0D0       0
                text167                           12B0A    12B0A       7E     8000       0
                text166                           1423A    1423A        C     A0D0       0
                text165                           141B0    141B0       10     A0D0       0
                text164                           141A0    141A0       10     A0D0       0
                text163                           11F2C    11F2C       C8     8000       0
                text162                           12430    12430       A8     8000       0
                text161                           1422E    1422E        C     A0D0       0
                text160                           142B4    142B4        8     A0D0       0
                text159                           142AC    142AC        8     A0D0       0
                text158                           142A4    142A4        8     A0D0       0
                text157                           1429C    1429C        8     A0D0       0
                text156                           14294    14294        8     A0D0       0
                text155                           1428C    1428C        8     A0D0       0
                text154                           14284    14284        8     A0D0       0
                text153                           14222    14222        C     A0D0       0
                text152                           12DC6    12DC6       6C     8000       0
                text151                           12D5A    12D5A       6C     8000       0
                text150                           1417C    1417C       12     8000       0
                text149                           13EEE    13EEE       1E     8000       0
                text148                           1345A    1345A       44     8000       0
                text147                           1427C    1427C        8     A0D0       0
                text146                           13E36    13E36       22     8000       0
                text145                           124D8    124D8       A2     8000       0
                text144                           1338C    1338C       46     8000       0
                text143                           14000    14000       1A     8000       0
                text142                           14274    14274        8     A0D0       0
                text141                           13F60    13F60       1C     8000       0
                text140                           12FCA    12FCA       5E     8000       0
                text139                           13FE6    13FE6       1A     8000       0
                text138                           13266    13266       4E     8000       0
                text137                           13ABA    13ABA       30     8000       0
                text136                           13A8A    13A8A       30     8000       0
                text135                           13A5A    13A5A       30     8000       0
                text134                           13A2A    13A2A       30     8000       0
                text133                           137D6    137D6       3E     8000       0
                text132                           13932    13932       36     8000       0
                text131                           12C00    12C00       78     8000       0
                text130                           13176    13176       52     8000       0
                text129                           128EC    128EC       8A     8000       0
                text128                           1416A    1416A       12     8000       0
                text127                           1055C    1055C      52A     8000       0
                text126                           129FE    129FE       88     8000       0
                text125                           139FA    139FA       30     8000       0
                text124                           14340    14340        2     A0D0       0
                text123                           1433E    1433E        2     A0D0       0
                text122                           14032    14032       18     8000       0
                text121                           14250    14250        A     A0D0       0
                text120                           126AA    126AA       96     8000       0
                text119                           13416    13416       44     8000       0
                text118                           138FC    138FC       36     8000       0
                text117                           120BA    120BA       C6     8000       0
                text116                           1433C    1433C        2     A0D0       0
                text115                           133D2    133D2       44     8000       0
                text114                           11158    11158      2A6     8000       0
                text113                           115EC    115EC      1E8     8000       0
                text112                           12F00    12F00       66     8000       0
                text111                           13D3A    13D3A       26     8000       0
                text109                           13028    13028       56     8000       0
                text108                           12740    12740       92     8000       0
                text107                           14158    14158       12     8000       0
                text106                           10000    10000      55C     8000       0
                text105                           127D2    127D2       90     8000       0
                text104                           138C2    138C2       3A     8000       0
                text103                           14214    14214        E     A0D0       0
                text102                           14206    14206        E     A0D0       0
                text101                           141F8    141F8        E     A0D0       0
                text100                           1307E    1307E       54     8000       0
                text99                            141EA    141EA        E     A0D0       0
                text98                            13ED0    13ED0       1E     8000       0
                text97                            140A0    140A0       14     8000       0
                text96                            14318    14318        4     A0D0       0
                text95                            1401A    1401A       18     8000       0
                text94                            12612    12612       98     8000       0
                text93                            13F44    13F44       1C     8000       0
                text92                            13EB2    13EB2       1E     8000       0
                text91                            142DC    142DC        6     A0D0       0
                text90                            14314    14314        4     A0D0       0
                text89                            142D6    142D6        6     A0D0       0
                text88                            139CA    139CA       30     8000       0
                text87                            14310    14310        4     A0D0       0
                text86                            1430C    1430C        4     A0D0       0
                text85                            14308    14308        4     A0D0       0
                text84                            13DCC    13DCC       24     8000       0
                text83                            12976    12976       88     8000       0
                text82                            13F28    13F28       1C     8000       0
                text81                            13798    13798       3E     8000       0
                text80                            1375A    1375A       3E     8000       0
                text79                            1371C    1371C       3E     8000       0
                text78                            136DE    136DE       3E     8000       0
                text77                            136A0    136A0       3E     8000       0
                text76                            13124    13124       52     8000       0
                text75                            13662    13662       3E     8000       0
                text74                            13624    13624       3E     8000       0
                text73                            135E6    135E6       3E     8000       0
                text72                            130D2    130D2       52     8000       0
                text71                            141DC    141DC        E     A0D0       0
                text70                            141CE    141CE        E     A0D0       0
                text69                            14304    14304        4     A0D0       0
                text68                            142D0    142D0        6     A0D0       0
                text67                            14300    14300        4     A0D0       0
                text66                            142CA    142CA        6     A0D0       0
                text65                            14246    14246        A     A0D0       0
                text64                            1408C    1408C       14     8000       0
                text63                            142C4    142C4        6     A0D0       0
                text62                            12862    12862       8A     8000       0
                text61                            14076    14076       16     8000       0
                text60                            13FCC    13FCC       1A     8000       0
                text59                            13FB2    13FB2       1A     8000       0
                text58                            11D8E    11D8E       D4     8000       0
                text57                            12180    12180       B4     8000       0
                text56                            14060    14060       16     8000       0
                text55                            14146    14146       12     8000       0
                text54                            14134    14134       12     8000       0
                text53                            14122    14122       12     8000       0
                text52                            14110    14110       12     8000       0
                text51                            140FE    140FE       12     8000       0
                text50                            140EC    140EC       12     8000       0
                text49                            140DA    140DA       12     8000       0
                text48                            1404A    1404A       16     8000       0
                text47                            12B88    12B88       78     8000       0
                text46                            12CEE    12CEE       6C     8000       0
                text45                            140C8    140C8       12     8000       0
                text44                            13E94    13E94       1E     8000       0
                text43                            131C8    131C8       50     8000       0
                text42                            1426C    1426C        8     A0D0       0
                text41                            13E14    13E14       22     8000       0
                text40                            122DE    122DE       AA     8000       0
                text39                            13F0C    13F0C       1C     8000       0
                text38                            12F66    12F66       64     8000       0
                text37                            13E76    13E76       1E     8000       0
                text36                            1399A    1399A       30     8000       0
                text35                            14264    14264        8     A0D0       0
                text34                            132B4    132B4       4A     8000       0
                text33                            13E58    13E58       1E     8000       0
                text32                            13568    13568       40     8000       0
                text31                            12234    12234       AA     8000       0
                text30                            13D12    13D12       28     8000       0
                text29                            13218    13218       4E     8000       0
                text28                            13CEA    13CEA       28     8000       0
                text27                            13C6A    13C6A       2C     8000       0
                text26                            13DA8    13DA8       24     8000       0
                text25                            13D84    13D84       24     8000       0
                text24                            11FF4    11FF4       C6     8000       0
                text23                            12E32    12E32       68     8000       0
                text22                            13D60    13D60       24     8000       0
                text21                            10A86    10A86      42C     8000       0
                text20                            11BA8    11BA8      108     8000       0
                text19                            12C78    12C78       76     8000       0
                text18                            12388    12388       A8     8000       0
                text17                            11A9A    11A9A      10E     8000       0
                text16                            117D4    117D4      1A2     8000       0
                text15                            135A8    135A8       3E     8000       0
                text14                            13888    13888       3A     8000       0
                text13                            13F98    13F98       1A     8000       0
                text12                            141C0    141C0        E     A0D0       0
                text11                            1257A    1257A       98     8000       0
                text10                            132FE    132FE       48     8000       0
                text9                             1384E    1384E       3A     8000       0
                text8                             11E62    11E62       CA     8000       0
                text7                             13814    13814       3A     8000       0
                text6                             13346    13346       46     8000       0
                text5                             10EB2    10EB2      2A6     8000       0
                text4                             113FE    113FE      1EE     8000       0
                text3                             12E9A    12E9A       66     8000       0
                text2                             13CC2    13CC2       28     8000       0
                text1                             11CB0    11CB0       DE     8000       0
                text0                             11976    11976      124     8000       0
                cstackCOMRAM                          1        1       5D        1       1
                cstackBANK0                          60       60       68       60       1
                cstackBANK1                         18A      18A       19      100       1
                dataBANK1                           1A3      1A3       11      100       1
                bssBANK1                            100      100       8A      100       1
                bssBANK0                             C8       C8        F       60       1
                cinit                             13526    13526       42     8000       0
                nvBANK0                              D7       D7        C       60       1
                idataBANK1                        1418E    1418E       11     8000       0

TOTAL           Name                               Link     Load   Length     Space
        CLASS   CODE           
                intcode                               8        8      172         0
                init                                17A      17A        4         0
                reset_vec                             0        0        4         0
                text199                           14342    14342        2         0
                text198                           13968    13968       32         0
                text197                           1425A    1425A        A         0
                text196                           142FA    142FA        6         0
                text195                           14338    14338        4         0
                text194                           142F4    142F4        6         0
                text193                           13C96    13C96       2C         0
                text192                           14334    14334        4         0
                text191                           14330    14330        4         0
                text190                           1432C    1432C        4         0
                text189                           13DF0    13DF0       24         0
                text188                           12A86    12A86       84         0
                text187                           13F7C    13F7C       1C         0
                text186                           13C3A    13C3A       30         0
                text185                           13C0A    13C0A       30         0
                text184                           13BDA    13BDA       30         0
                text183                           13BAA    13BAA       30         0
                text182                           13B7A    13B7A       30         0
                text181                           134E2    134E2       44         0
                text180                           13B4A    13B4A       30         0
                text179                           13B1A    13B1A       30         0
                text178                           13AEA    13AEA       30         0
                text177                           1349E    1349E       44         0
                text176                           14328    14328        4         0
                text175                           14324    14324        4         0
                text174                           14320    14320        4         0
                text173                           142EE    142EE        6         0
                text172                           1431C    1431C        4         0
                text171                           142E8    142E8        6         0
                text170                           142BC    142BC        8         0
                text169                           140B4    140B4       14         0
                text168                           142E2    142E2        6         0
                text167                           12B0A    12B0A       7E         0
                text166                           1423A    1423A        C         0
                text165                           141B0    141B0       10         0
                text164                           141A0    141A0       10         0
                text163                           11F2C    11F2C       C8         0
                text162                           12430    12430       A8         0
                text161                           1422E    1422E        C         0
                text160                           142B4    142B4        8         0
                text159                           142AC    142AC        8         0
                text158                           142A4    142A4        8         0
                text157                           1429C    1429C        8         0
                text156                           14294    14294        8         0
                text155                           1428C    1428C        8         0
                text154                           14284    14284        8         0
                text153                           14222    14222        C         0
                text152                           12DC6    12DC6       6C         0
                text151                           12D5A    12D5A       6C         0
                text150                           1417C    1417C       12         0
                text149                           13EEE    13EEE       1E         0
                text148                           1345A    1345A       44         0
                text147                           1427C    1427C        8         0
                text146                           13E36    13E36       22         0
                text145                           124D8    124D8       A2         0
                text144                           1338C    1338C       46         0
                text143                           14000    14000       1A         0
                text142                           14274    14274        8         0
                text141                           13F60    13F60       1C         0
                text140                           12FCA    12FCA       5E         0
                text139                           13FE6    13FE6       1A         0
                text138                           13266    13266       4E         0
                text137                           13ABA    13ABA       30         0
                text136                           13A8A    13A8A       30         0
                text135                           13A5A    13A5A       30         0
                text134                           13A2A    13A2A       30         0
                text133                           137D6    137D6       3E         0
                text132                           13932    13932       36         0
                text131                           12C00    12C00       78         0
                text130                           13176    13176       52         0
                text129                           128EC    128EC       8A         0
                text128                           1416A    1416A       12         0
                text127                           1055C    1055C      52A         0
                text126                           129FE    129FE       88         0
                text125                           139FA    139FA       30         0
                text124                           14340    14340        2         0
                text123                           1433E    1433E        2         0
                text122                           14032    14032       18         0
                text121                           14250    14250        A         0
                text120                           126AA    126AA       96         0
                text119                           13416    13416       44         0
                text118                           138FC    138FC       36         0
                text117                           120BA    120BA       C6         0
                text116                           1433C    1433C        2         0
                text115                           133D2    133D2       44         0
                text114                           11158    11158      2A6         0
                text113                           115EC    115EC      1E8         0
                text112                           12F00    12F00       66         0
                text111                           13D3A    13D3A       26         0
                text109                           13028    13028       56         0
                text108                           12740    12740       92         0
                text107                           14158    14158       12         0
                text106                           10000    10000      55C         0
                text105                           127D2    127D2       90         0
                text104                           138C2    138C2       3A         0
                text103                           14214    14214        E         0
                text102                           14206    14206        E         0
                text101                           141F8    141F8        E         0
                text100                           1307E    1307E       54         0
                text99                            141EA    141EA        E         0
                text98                            13ED0    13ED0       1E         0
                text97                            140A0    140A0       14         0
                text96                            14318    14318        4         0
                text95                            1401A    1401A       18         0
                text94                            12612    12612       98         0
                text93                            13F44    13F44       1C         0
                text92                            13EB2    13EB2       1E         0
                text91                            142DC    142DC        6         0
                text90                            14314    14314        4         0
                text89                            142D6    142D6        6         0
                text88                            139CA    139CA       30         0
                text87                            14310    14310        4         0
                text86                            1430C    1430C        4         0
                text85                            14308    14308        4         0
                text84                            13DCC    13DCC       24         0
                text83                            12976    12976       88         0
                text82                            13F28    13F28       1C         0
                text81                            13798    13798       3E         0
                text80                            1375A    1375A       3E         0
                text79                            1371C    1371C       3E         0
                text78                            136DE    136DE       3E         0
                text77                            136A0    136A0       3E         0
                text76                            13124    13124       52         0
                text75                            13662    13662       3E         0
                text74                            13624    13624       3E         0
                text73                            135E6    135E6       3E         0
                text72                            130D2    130D2       52         0
                text71                            141DC    141DC        E         0
                text70                            141CE    141CE        E         0
                text69                            14304    14304        4         0
                text68                            142D0    142D0        6         0
                text67                            14300    14300        4         0
                text66                            142CA    142CA        6         0
                text65                            14246    14246        A         0
                text64                            1408C    1408C       14         0
                text63                            142C4    142C4        6         0
                text62                            12862    12862       8A         0
                text61                            14076    14076       16         0
                text60                            13FCC    13FCC       1A         0
                text59                            13FB2    13FB2       1A         0
                text58                            11D8E    11D8E       D4         0
                text57                            12180    12180       B4         0
                text56                            14060    14060       16         0
                text55                            14146    14146       12         0
                text54                            14134    14134       12         0
                text53                            14122    14122       12         0
                text52                            14110    14110       12         0
                text51                            140FE    140FE       12         0
                text50                            140EC    140EC       12         0
                text49                            140DA    140DA       12         0
                text48                            1404A    1404A       16         0
                text47                            12B88    12B88       78         0
                text46                            12CEE    12CEE       6C         0
                text45                            140C8    140C8       12         0
                text44                            13E94    13E94       1E         0
                text43                            131C8    131C8       50         0
                text42                            1426C    1426C        8         0
                text41                            13E14    13E14       22         0
                text40                            122DE    122DE       AA         0
                text39                            13F0C    13F0C       1C         0
                text38                            12F66    12F66       64         0
                text37                            13E76    13E76       1E         0
                text36                            1399A    1399A       30         0
                text35                            14264    14264        8         0
                text34                            132B4    132B4       4A         0
                text33                            13E58    13E58       1E         0
                text32                            13568    13568       40         0
                text31                            12234    12234       AA         0
                text30                            13D12    13D12       28         0
                text29                            13218    13218       4E         0
                text28                            13CEA    13CEA       28         0
                text27                            13C6A    13C6A       2C         0
                text26                            13DA8    13DA8       24         0
                text25                            13D84    13D84       24         0
                text24                            11FF4    11FF4       C6         0
                text23                            12E32    12E32       68         0
                text22                            13D60    13D60       24         0
                text21                            10A86    10A86      42C         0
                text20                            11BA8    11BA8      108         0
                text19                            12C78    12C78       76         0
                text18                            12388    12388       A8         0
                text17                            11A9A    11A9A      10E         0
                text16                            117D4    117D4      1A2         0
                text15                            135A8    135A8       3E         0
                text14                            13888    13888       3A         0
                text13                            13F98    13F98       1A         0
                text12                            141C0    141C0        E         0
                text11                            1257A    1257A       98         0
                text10                            132FE    132FE       48         0
                text9                             1384E    1384E       3A         0
                text8                             11E62    11E62       CA         0
                text7                             13814    13814       3A         0
                text6                             13346    13346       46         0
                text5                             10EB2    10EB2      2A6         0
                text4                             113FE    113FE      1EE         0
                text3                             12E9A    12E9A       66         0
                text2                             13CC2    13CC2       28         0
                text1                             11CB0    11CB0       DE         0
                text0                             11976    11976      124         0
                cinit                             13526    13526       42         0
                idataBANK1                        1418E    1418E       11         0

        CLASS   CONST          

        CLASS   SMALLCONST     

        CLASS   MEDIUMCONST    
                mediumconst                        FDD8     FDD8      228         0

        CLASS   COMRAM         
                temp                                 5E       5E        1         1
                cstackCOMRAM                          1        1       5D         1

        CLASS   ABS1           

        CLASS   BIGRAM         

        CLASS   RAM            

        CLASS   BANK0          
                cstackBANK0                          60       60       68         1
                bssBANK0                             C8       C8        F         1
                nvBANK0                              D7       D7        C         1

        CLASS   BANK1          
                cstackBANK1                         18A      18A       19         1
                dataBANK1                           1A3      1A3       11         1
                bssBANK1                            100      100       8A         1

        CLASS   BANK2          

        CLASS   BANK3          

        CLASS   BANK4          

        CLASS   BANK5          

        CLASS   BANK6          

        CLASS   BANK7          

        CLASS   BANK8          

        CLASS   BANK9          

        CLASS   BANK10         

        CLASS   BANK11         

        CLASS   BANK12         

        CLASS   BANK14         

        CLASS   SFR            

        CLASS   BIGSFR         

        CLASS   CONFIG         
                config                           300000   300000        C         4

        CLASS   IDLOC          
                idloc                            200000   200000      100         5

        CLASS   EEDATA         

        CLASS   FARRAM         

        CLASS   HEAP           

        CLASS   STACK          



SEGMENTS        Name                           Load    Length   Top    Selector   Space  Class

                reset_vec                      000000  000004  000004         0       0  CODE    
                bssBANK1                       000100  0000B4  0001B4       100       1  BANK1   
                text164                        0141A0  0001A4  014344      A0D0       0  CODE    
                text106                        010000  00419F  01419F      8000       0  CODE    
                cstackBANK0                    000060  000083  0000E3        60       1  BANK0   
                intcode                        000008  000176  00017E         4       0  CODE    
                cstackCOMRAM                   000001  00005E  00005F         1       1  COMRAM  
                mediumconst                    00FDD8  000228  010000      7EEC       0  MEDIUMCO


UNUSED ADDRESS RANGES

        Name                Unused          Largest block    Delta
        BANK0            0000E3-0000FF               1D
        BANK1            0001B4-0001FF               4C
        BANK10           000A00-000AFF              100
        BANK11           000B00-000BFF              100
        BANK12           000C00-000CFF              100
        BANK14           000E00-000E1E               1F
        BANK2            000200-0002FF              100
        BANK3            000300-0003FF              100
        BANK4            000400-0004FF              100
        BANK5            000500-0005FF              100
        BANK6            000600-0006FF              100
        BANK7            000700-0007FF              100
        BANK8            000800-0008FF              100
        BANK9            000900-0009FF              100
        BIGRAM           00005F-00005F                1
                         0000E3-0000FF               1D
                         0001B4-000CFF              B4C
                         000E00-000E1E               1F
        BIGSFR           000D00-000DFF              100
                         000E1F-000FFF              1E1
        CODE             000004-000007                4
                         00017E-00FDD7             FC5A
                         01419F-01419F                1
                         014344-01FFFF             BCBC
        COMRAM           00005F-00005F                1
        CONST            000004-000007                4
                         00017E-00FDD7             FC5A
                         01419F-01419F                1
                         014344-01FFFF             BCBC
        EEDATA           310000-3103FF              400
        MEDIUMCONST      000F00-00FDD7             EED8
                         01419F-01419F                1
                         014344-01FFFF             BCBC
        RAM              0000E3-0000FF               1D
                         0001B4-000CFF              100
                         000E00-000E1E               1F
        SFR              000D00-000DFF              100
                         000E1F-000FFF               E1
        SMALLCONST       000F00-00FDD7              100
                         01419F-01419F                1
                         014344-01FFFF              100

                                  Symbol Table

?_TCS3471_ReadBData                                         cstackCOMRAM 000021
?_TCS3471_ReadCData                                         cstackCOMRAM 000021
?_TCS3471_ReadGData                                         cstackCOMRAM 000021
?_TCS3471_ReadRData                                         cstackCOMRAM 000021
?___aldiv                                                   cstackBANK0  00007C
?___awdiv                                                   cstackBANK0  00007C
?___flmul                                                   cstackBANK0  00007C
?___fltol                                                   cstackBANK0  000095
?___lwdiv                                                   cstackBANK0  00007C
?_combine_low_eight_bits                                    cstackCOMRAM 000001
?_isalpha                                                   cstackBANK0  00007C
?_islower                                                   cstackBANK0  00007C
?_isupper                                                   cstackBANK0  00007C
?_pad                                                       cstackBANK0  00008E
?_printf                                                    cstackBANK1  000199
?_read16                                                    cstackCOMRAM 00001C
?_strlen                                                    cstackBANK0  00007C
?_toupper                                                   cstackBANK0  000082
?_vfpfcnvrt                                                 cstackBANK0  0000BC
?_vfprintf                                                  cstackBANK1  000193
?_xtoa                                                      cstackBANK0  000099
?i2_pad                                                     cstackCOMRAM 000013
?i2_printf                                                  cstackBANK0  000060
?i2_strlen                                                  cstackCOMRAM 000001
?i2_toupper                                                 cstackCOMRAM 000003
?i2_vfpfcnvrt                                               cstackCOMRAM 000041
?i2_vfprintf                                                cstackCOMRAM 000054
?i2_xtoa                                                    cstackCOMRAM 00001E
EUSART2_SetErrorHandler@interruptHandler                    cstackBANK0  00007C
EUSART2_SetFramingErrorHandler@interruptHandler             cstackBANK0  00007C
EUSART2_SetOverrunErrorHandler@interruptHandler             cstackBANK0  00007C
EUSART2_Write@txData                                        cstackBANK0  00007C
FillScreen@AColor                                           cstackBANK0  0000A4
FillScreen@n                                                cstackBANK0  0000A8
I2C1_CallbackReturnReset@funPtr                             cstackBANK0  000087
I2C1_Close@returnValue                                      cstackBANK0  00007C
I2C1_MasterOperation@read                                   cstackBANK0  00008B
I2C1_MasterOperation@returnValue                            cstackBANK0  00008C
I2C1_MasterSendTxData@data                                  cstackBANK0  00007C
I2C1_Open@address                                           cstackBANK0  00007C
I2C1_Open@returnValue                                       cstackBANK0  00007D
I2C1_SetAddressNackCallback@cb                              cstackBANK0  000082
I2C1_SetAddressNackCallback@ptr                             cstackBANK0  000085
I2C1_SetBuffer@buffer                                       cstackBANK0  00007C
I2C1_SetBuffer@bufferSize                                   cstackBANK0  00007E
I2C1_SetCallback@cb                                         cstackBANK0  00007C
I2C1_SetCallback@idx                                        cstackBANK0  000081
I2C1_SetCallback@ptr                                        cstackBANK0  00007F
I2C1_SetDataCompleteCallback@cb                             cstackBANK0  000082
I2C1_SetDataCompleteCallback@ptr                            cstackBANK0  000085
I2CSIMPLE_example@F13154                                    dataBANK1    0001A3
INT0_SetInterruptHandler@InterruptHandler                   cstackBANK0  00007C
INTERRUPT_InterruptManager@blueVal                          cstackBANK0  00007A
INTERRUPT_InterruptManager@clearVal                         cstackBANK0  000074
INTERRUPT_InterruptManager@greenVal                         cstackBANK0  000078
INTERRUPT_InterruptManager@re                               cstackBANK0  000070
INTERRUPT_InterruptManager@redVal                           cstackBANK0  000076
RGBLed_InitDiode@ARGBColor                                  cstackBANK0  00007F
RGBLed_InitDiode@AdiodeArray                                cstackBANK0  000083
RGBLed_SetColor@AdiodeArray                                 cstackBANK0  00007C
RGBLed_SetColor@tempData                                    cstackBANK0  00007E
RGBLed_SetDiode@AColor                                      cstackBANK0  000098
RGBLed_SetDiode@ANum                                        cstackBANK0  0000A2
RGBLed_SetDiode@AdiodeArray                                 cstackBANK0  00009C
RGBLed_SetDiode@i                                           cstackBANK0  0000A3
TCS3471_Detect@tmpaddr                                      cstackBANK0  000098
TCS3471_InterruptHighThreshold@highThreshold                cstackBANK0  00009A
TCS3471_InterruptLowThreshold@lowThreshold                  cstackBANK0  00009A
TCS3471_InterruptPersistence@persistence                    cstackBANK0  00009A
TCS3471_InterruptPersistence@valueToWrite                   cstackBANK0  00009B
TCS3471_SetGain@gain                                        cstackBANK0  00009A
TCS3471_SetIntegrationTime@aTime                            cstackBANK0  0000A3
TCS3471_SetIntegrationTime@integrationTime                  cstackBANK0  00009F
TCS3471_SetWaitTime@wTime                                   cstackBANK0  0000A3
TCS3471_SetWaitTime@waitTime                                cstackBANK0  00009F
_ANSELA                                                     (abs)        000F0C
_ANSELB                                                     (abs)        000F14
_ANSELC                                                     (abs)        000F1C
_ANSELD                                                     (abs)        000F21
_ANSELE                                                     (abs)        000F29
_BAUD2CON                                                   (abs)        000E9A
_DiodeArray                                                 bssBANK1     00012A
_EUSART2_DefaultErrorHandler                                (abs)        000000
_EUSART2_DefaultFramingErrorHandler                         (abs)        000000
_EUSART2_DefaultOverrunErrorHandler                         (abs)        000000
_EUSART2_ErrorHandler                                       nvBANK0      0000DA
_EUSART2_FramingErrorHandler                                nvBANK0      0000E0
_EUSART2_Initialize                                         text100      01307E
_EUSART2_OverrunErrorHandler                                nvBANK0      0000DD
_EUSART2_SetErrorHandler                                    text103      014214
_EUSART2_SetFramingErrorHandler                             text102      014206
_EUSART2_SetOverrunErrorHandler                             text101      0141F8
_EUSART2_Write                                              text13       013F98
_EXT_INT_Initialize                                         text98       013ED0
_FillScreen                                                 text104      0138C2
_I2C1_CallbackReturnReset                                   text70       0141CE
_I2C1_CallbackReturnReset$intlevel0                         text70       0141D8
_I2C1_CallbackReturnStop                                    text71       0141DC
_I2C1_CallbackReturnStop$intlevel0                          text71       0141E6
_I2C1_Close                                                 text88       0139CA
_I2C1_DO_ADDRESS_NACK                                       text47       012B88
_I2C1_DO_ADDRESS_NACK$intlevel0                             text47       012B92
_I2C1_DO_IDLE                                               text61       014076
_I2C1_DO_IDLE$intlevel0                                     text61       014080
_I2C1_DO_RCEN                                               text56       014060
_I2C1_DO_RCEN$intlevel0                                     text56       01406A
_I2C1_DO_RESET                                              text48       01404A
_I2C1_DO_RESET$intlevel0                                    text48       014054
_I2C1_DO_RX                                                 text57       012180
_I2C1_DO_RX$intlevel0                                       text57       01218A
_I2C1_DO_RX_ACK                                             text51       0140FE
_I2C1_DO_RX_ACK$intlevel0                                   text51       014108
_I2C1_DO_RX_NACK_RESTART                                    text49       0140DA
_I2C1_DO_RX_NACK_RESTART$intlevel0                          text49       0140E4
_I2C1_DO_RX_NACK_STOP                                       text50       0140EC
_I2C1_DO_RX_NACK_STOP$intlevel0                             text50       0140F6
_I2C1_DO_SEND_ADR_READ                                      text60       013FCC
_I2C1_DO_SEND_ADR_READ$intlevel0                            text60       013FD6
_I2C1_DO_SEND_ADR_WRITE                                     text59       013FB2
_I2C1_DO_SEND_ADR_WRITE$intlevel0                           text59       013FBC
_I2C1_DO_SEND_RESTART                                       text53       014122
_I2C1_DO_SEND_RESTART$intlevel0                             text53       01412C
_I2C1_DO_SEND_RESTART_READ                                  text55       014146
_I2C1_DO_SEND_RESTART_READ$intlevel0                        text55       014150
_I2C1_DO_SEND_RESTART_WRITE                                 text54       014134
_I2C1_DO_SEND_RESTART_WRITE$intlevel0                       text54       01413E
_I2C1_DO_SEND_STOP                                          text52       014110
_I2C1_DO_SEND_STOP$intlevel0                                text52       01411A
_I2C1_DO_TX                                                 text58       011D8E
_I2C1_DO_TX$intlevel0                                       text58       011D98
_I2C1_DO_TX_EMPTY                                           text62       012862
_I2C1_DO_TX_EMPTY$intlevel0                                 text62       01286C
_I2C1_Initialize                                            text97       0140A0
_I2C1_MasterClearIrq                                        text91       0142DC
_I2C1_MasterClose                                           text90       014314
_I2C1_MasterDisableIrq                                      text89       0142D6
_I2C1_MasterEnableRestart                                   text86       01430C
_I2C1_MasterFsm                                             text46       012CEE
_I2C1_MasterGetRxData                                       text67       014300
_I2C1_MasterIsNack                                          text64       01408C
_I2C1_MasterOpen                                            text41       013E14
_I2C1_MasterOperation                                       text43       0131C8
_I2C1_MasterRead                                            text35       014264
_I2C1_MasterSendAck                                         text66       0142CA
_I2C1_MasterSendNack                                        text68       0142D0
_I2C1_MasterSendTxData                                      text65       014246
_I2C1_MasterSetIrq                                          text63       0142C4
_I2C1_MasterStart                                           text87       014310
_I2C1_MasterStartRx                                         text69       014304
_I2C1_MasterStop                                            text85       014308
_I2C1_MasterWaitForEvent                                    text45       0140C8
_I2C1_MasterWrite                                           text42       01426C
_I2C1_Open                                                  text40       0122DE
_I2C1_Poller                                                text44       013E94
_I2C1_SetAddressNackCallback                                text39       013F0C
_I2C1_SetBuffer                                             text84       013DCC
_I2C1_SetCallback                                           text83       012976
_I2C1_SetDataCompleteCallback                               text82       013F28
_I2C1_Status                                                bssBANK1     000100
_INLVLA                                                     (abs)        000F08
_INLVLB                                                     (abs)        000F10
_INLVLC                                                     (abs)        000F18
_INLVLD                                                     (abs)        000F1D
_INLVLE                                                     (abs)        000F25
_INT0PPS                                                    (abs)        000E9C
_INT0_CallBack                                              text198      013968
_INT0_DefaultInterruptHandler                               text199      014342
_INT0_ISR                                                   text197      01425A
_INT0_InterruptHandler                                      nvBANK0      0000D7
_INT0_SetInterruptHandler                                   text99       0141EA
_INTCONbits                                                 (abs)        000FF2
_INTERRUPT_Initialize                                       text96       014318
_INTERRUPT_InterruptManager                                 intcode      000008
_LATA                                                       (abs)        000F82
_LATAbits                                                   (abs)        000F82
_LATB                                                       (abs)        000F83
_LATC                                                       (abs)        000F84
_LATD                                                       (abs)        000F85
_LATE                                                       (abs)        000F86
_ODCONA                                                     (abs)        000F0A
_ODCONB                                                     (abs)        000F12
_ODCONC                                                     (abs)        000F1A
_ODCOND                                                     (abs)        000F1F
_ODCONE                                                     (abs)        000F27
_OSCCON1                                                    (abs)        000ED3
_OSCCON3                                                    (abs)        000ED5
_OSCEN                                                      (abs)        000ED7
_OSCFRQ                                                     (abs)        000ED9
_OSCILLATOR_Initialize                                      text95       01401A
_OSCTUNE                                                    (abs)        000ED8
_PIE0bits                                                   (abs)        000EBD
_PIE3bits                                                   (abs)        000EC0
_PIN_MANAGER_Initialize                                     text94       012612
_PIR0bits                                                   (abs)        000EC5
_PIR3bits                                                   (abs)        000EC8
_PMD0                                                       (abs)        000EDC
_PMD1                                                       (abs)        000EDD
_PMD2                                                       (abs)        000EDE
_PMD3                                                       (abs)        000EDF
_PMD4                                                       (abs)        000EE0
_PMD5                                                       (abs)        000EE1
_PMD_Initialize                                             text93       013F44
_RB1PPS                                                     (abs)        000EEB
_RB2PPS                                                     (abs)        000EEC
_RC2REG                                                     (abs)        000E94
_RC2STA                                                     (abs)        000E98
_RC2STAbits                                                 (abs)        000E98
_RD0PPS                                                     (abs)        000EFA
_RGBLed_InitDiode                                           text108      012740
_RGBLed_ResetDelay                                          text107      014158
_RGBLed_SetColor                                            text106      010000
_RGBLed_SetDiode                                            text105      0127D2
_RX2PPS                                                     (abs)        000E88
_SLRCONA                                                    (abs)        000F09
_SLRCONB                                                    (abs)        000F11
_SLRCONC                                                    (abs)        000F19
_SLRCOND                                                    (abs)        000F1E
_SLRCONE                                                    (abs)        000F26
_SP2BRGH                                                    (abs)        000E97
_SP2BRGL                                                    (abs)        000E96
_SSP1ADD                                                    (abs)        000F92
_SSP1BUF                                                    (abs)        000F91
_SSP1CLKPPS                                                 (abs)        000EB2
_SSP1CON1                                                   (abs)        000F95
_SSP1CON1bits                                               (abs)        000F95
_SSP1CON2                                                   (abs)        000F96
_SSP1CON2bits                                               (abs)        000F96
_SSP1DATPPS                                                 (abs)        000EB3
_SSP1STAT                                                   (abs)        000F94
_SSP1STATbits                                               (abs)        000F94
_SYSTEM_Initialize                                          text92       013EB2
_TCS3471_ClearInterrupt                                     text36       01399A
_TCS3471_Detect                                             text31       012234
_TCS3471_Enable                                             text29       013218
_TCS3471_EnableInterrupt                                    text28       013CEA
_TCS3471_Init                                               text1        011CB0
_TCS3471_InterruptHighThreshold                             text26       013DA8
_TCS3471_InterruptLowThreshold                              text25       013D84
_TCS3471_InterruptPersistence                               text23       012E32
_TCS3471_ReadBData                                          text137      013ABA
_TCS3471_ReadCData                                          text136      013A8A
_TCS3471_ReadGData                                          text135      013A5A
_TCS3471_ReadRData                                          text134      013A2A
_TCS3471_RgbcValid                                          text132      013932
_TCS3471_SetGain                                            text22       013D60
_TCS3471_SetIntegrationTime                                 text18       012388
_TCS3471_SetWaitTime                                        text16       0117D4
_TRISA                                                      (abs)        000F87
_TRISB                                                      (abs)        000F88
_TRISC                                                      (abs)        000F89
_TRISD                                                      (abs)        000F8A
_TRISE                                                      (abs)        000F8B
_TX2REG                                                     (abs)        000E95
_TX2STA                                                     (abs)        000E99
_TX2STAbits                                                 (abs)        000E99
_WPUA                                                       (abs)        000F0B
_WPUB                                                       (abs)        000F13
_WPUC                                                       (abs)        000F1B
_WPUD                                                       (abs)        000F20
_WPUE                                                       (abs)        000F28
__HRAM                                                      (abs)        000000
__Habs1                                                     abs1         000000
__Hbank0                                                    bank0        000000
__Hbank1                                                    bank1        000000
__Hbank10                                                   bank10       000000
__Hbank11                                                   bank11       000000
__Hbank12                                                   bank12       000000
__Hbank14                                                   bank14       000000
__Hbank2                                                    bank2        000000
__Hbank3                                                    bank3        000000
__Hbank4                                                    bank4        000000
__Hbank5                                                    bank5        000000
__Hbank6                                                    bank6        000000
__Hbank7                                                    bank7        000000
__Hbank8                                                    bank8        000000
__Hbank9                                                    bank9        000000
__Hbigbss                                                   bigbss       000000
__Hbigdata                                                  bigdata      000000
__Hbigram                                                   bigram       000000
__Hbigsfr                                                   bigsfr       000000
__Hbss                                                      bss          000000
__HbssBANK0                                                 bssBANK0     000000
__HbssBANK1                                                 bssBANK1     000000
__Hcinit                                                    cinit        000000
__Hclrtext                                                  clrtext      000000
__Hcomram                                                   comram       000000
__Hconfig                                                   config       30000C
__Hconst                                                    const        000000
__HcstackBANK0                                              cstackBANK0  000000
__HcstackBANK1                                              cstackBANK1  000000
__HcstackCOMRAM                                             cstackCOMRAM 000000
__Hdata                                                     data         000000
__HdataBANK1                                                dataBANK1    000000
__Heeprom_data                                              eeprom_data  000000
__Hfarbss                                                   farbss       000000
__Hfardata                                                  fardata      000000
__Hheap                                                     heap         000000
__Hibigdata                                                 ibigdata     000000
__Hidata                                                    idata        000000
__HidataBANK1                                               idataBANK1   000000
__Hidloc                                                    idloc        200100
__Hifardata                                                 ifardata     000000
__Hinit                                                     init         00017E
__Hintcode                                                  intcode      00017A
__Hintcode_body                                             intcode_body 000000
__Hintcodelo                                                intcodelo    00017A
__Hintentry                                                 intentry     000000
__Hintret                                                   intret       000000
__Hintsave_regs                                             intsave_regs 000000
__Hirdata                                                   irdata       000000
__Hmediumconst                                              mediumconst  010000
__HnvBANK0                                                  nvBANK0      000000
__HnvFARRAM                                                 nvFARRAM     000000
__Hnvbit                                                    nvbit        000000
__Hnvrram                                                   nvrram       000000
__Hparam                                                    rparam       000000
__Hpowerup                                                  powerup      00017A
__Hram                                                      ram          000000
__Hramtop                                                   ramtop       000F00
__Hrbit                                                     rbit         000000
__Hrbss                                                     rbss         000000
__Hrdata                                                    rdata        000000
__Hreset_vec                                                reset_vec    000004
__Hrparam                                                   rparam       000000
__Hsfr                                                      sfr          000000
__Hsmallconst                                               smallconst   000000
__Hspace_0                                                  (abs)        014344
__Hspace_1                                                  (abs)        0001B4
__Hspace_2                                                  (abs)        000000
__Hspace_4                                                  (abs)        60000C
__Hstack                                                    stack        000000
__Hstruct                                                   struct       000000
__Htemp                                                     temp         00005F
__Htext                                                     text         000000
__Htext0                                                    text0        000000
__Htext1                                                    text1        000000
__Htext10                                                   text10       000000
__Htext100                                                  text100      000000
__Htext101                                                  text101      000000
__Htext102                                                  text102      000000
__Htext103                                                  text103      000000
__Htext104                                                  text104      000000
__Htext105                                                  text105      000000
__Htext106                                                  text106      000000
__Htext107                                                  text107      000000
__Htext108                                                  text108      000000
__Htext109                                                  text109      000000
__Htext11                                                   text11       000000
__Htext111                                                  text111      000000
__Htext112                                                  text112      000000
__Htext113                                                  text113      000000
__Htext114                                                  text114      000000
__Htext115                                                  text115      000000
__Htext116                                                  text116      000000
__Htext117                                                  text117      000000
__Htext118                                                  text118      000000
__Htext119                                                  text119      000000
__Htext12                                                   text12       000000
__Htext120                                                  text120      000000
__Htext121                                                  text121      000000
__Htext122                                                  text122      000000
__Htext123                                                  text123      000000
__Htext124                                                  text124      000000
__Htext125                                                  text125      000000
__Htext126                                                  text126      000000
__Htext127                                                  text127      000000
__Htext128                                                  text128      000000
__Htext129                                                  text129      000000
__Htext13                                                   text13       000000
__Htext130                                                  text130      000000
__Htext131                                                  text131      000000
__Htext132                                                  text132      000000
__Htext133                                                  text133      000000
__Htext134                                                  text134      000000
__Htext135                                                  text135      000000
__Htext136                                                  text136      000000
__Htext137                                                  text137      000000
__Htext138                                                  text138      000000
__Htext139                                                  text139      000000
__Htext14                                                   text14       000000
__Htext140                                                  text140      000000
__Htext141                                                  text141      000000
__Htext142                                                  text142      000000
__Htext143                                                  text143      000000
__Htext144                                                  text144      000000
__Htext145                                                  text145      000000
__Htext146                                                  text146      000000
__Htext147                                                  text147      000000
__Htext148                                                  text148      000000
__Htext149                                                  text149      000000
__Htext15                                                   text15       000000
__Htext150                                                  text150      000000
__Htext151                                                  text151      000000
__Htext152                                                  text152      000000
__Htext153                                                  text153      000000
__Htext154                                                  text154      000000
__Htext155                                                  text155      000000
__Htext156                                                  text156      000000
__Htext157                                                  text157      000000
__Htext158                                                  text158      000000
__Htext159                                                  text159      000000
__Htext16                                                   text16       000000
__Htext160                                                  text160      000000
__Htext161                                                  text161      000000
__Htext162                                                  text162      000000
__Htext163                                                  text163      000000
__Htext164                                                  text164      000000
__Htext165                                                  text165      000000
__Htext166                                                  text166      000000
__Htext167                                                  text167      000000
__Htext168                                                  text168      000000
__Htext169                                                  text169      000000
__Htext17                                                   text17       000000
__Htext170                                                  text170      000000
__Htext171                                                  text171      000000
__Htext172                                                  text172      000000
__Htext173                                                  text173      000000
__Htext174                                                  text174      000000
__Htext175                                                  text175      000000
__Htext176                                                  text176      000000
__Htext177                                                  text177      000000
__Htext178                                                  text178      000000
__Htext179                                                  text179      000000
__Htext18                                                   text18       000000
__Htext180                                                  text180      000000
__Htext181                                                  text181      000000
__Htext182                                                  text182      000000
__Htext183                                                  text183      000000
__Htext184                                                  text184      000000
__Htext185                                                  text185      000000
__Htext186                                                  text186      000000
__Htext187                                                  text187      000000
__Htext188                                                  text188      000000
__Htext189                                                  text189      000000
__Htext19                                                   text19       000000
__Htext190                                                  text190      000000
__Htext191                                                  text191      000000
__Htext192                                                  text192      000000
__Htext193                                                  text193      000000
__Htext194                                                  text194      000000
__Htext195                                                  text195      000000
__Htext196                                                  text196      000000
__Htext197                                                  text197      000000
__Htext198                                                  text198      000000
__Htext199                                                  text199      000000
__Htext2                                                    text2        000000
__Htext20                                                   text20       000000
__Htext200                                                  text200      000000
[...]
i2xtoa@d                                                    cstackCOMRAM 000020
i2xtoa@fp                                                   cstackCOMRAM 00001E
i2xtoa@i                                                    cstackCOMRAM 00003D
i2xtoa@n                                                    cstackCOMRAM 000035
i2xtoa@p                                                    cstackCOMRAM 000031
i2xtoa@w                                                    cstackCOMRAM 000033
i2xtoa@x                                                    cstackCOMRAM 000028
int$flags                                                   temp         00005E
intlevel0                                                   text         000000
intlevel1                                                   text         000000
intlevel2                                                   text         000000
intlevel3                                                   text         000000
isa$std                                                     (abs)        000001
isa$xinst                                                   (abs)        000000
isalpha@c                                                   cstackBANK0  00007C
islower@c                                                   cstackBANK0  00007C
isupper@c                                                   cstackBANK0  00007C
main@z                                                      cstackBANK1  0001A1
pad@buf                                                     cstackBANK0  000090
pad@fp                                                      cstackBANK0  00008E
pad@i                                                       cstackBANK0  000095
pad@p                                                       cstackBANK0  000092
pad@w                                                       cstackBANK0  000097
printf@ap                                                   cstackBANK1  00019D
printf@fmt                                                  cstackBANK1  000199
putch@txData                                                cstackBANK0  00007D
rd1RegCompleteHandler@i2c1_master_example$F145@ptr          cstackBANK0  000087
rd1RegCompleteHandler@p                                     cstackBANK0  000087
rd2RegCompleteHandler@i2c1_master_example$F156@ptr          cstackBANK0  000087
rd2RegCompleteHandler@p                                     cstackBANK0  000087
rdBlkRegCompleteHandler@i2c1_master_example$F179@ptr        cstackBANK0  000087
rdBlkRegCompleteHandler@p                                   cstackBANK0  000087
read16@reg                                                  cstackCOMRAM 00001E
read16@ret                                                  cstackCOMRAM 00001F
read8@reg                                                   cstackBANK0  000097
reverse@b                                                   cstackBANK0  00007E
stackhi                                                     (abs)        000000
stacklo                                                     (abs)        000000
start                                                       init         00017A
start_initialization                                        cinit        013526
strlen@a                                                    cstackBANK0  00007E
strlen@s                                                    cstackBANK0  00007C
toupper@c                                                   cstackBANK0  000082
ttemp5                                                      temp         00005F
ttemp6                                                      temp         000062
ttemp7                                                      temp         000066
vfpfcnvrt@ap                                                cstackBANK0  0000C0
vfpfcnvrt@c                                                 cstackBANK1  000192
vfpfcnvrt@fmt                                               cstackBANK0  0000BE
vfpfcnvrt@fp                                                cstackBANK0  0000BC
vfpfcnvrt@llu                                               cstackBANK1  00018A
vfprintf@ap                                                 cstackBANK1  000197
vfprintf@cfmt                                               cstackBANK0  0000C6
vfprintf@fmt                                                cstackBANK1  000195
vfprintf@fp                                                 cstackBANK1  000193
wr1RegCompleteHandler@i2c1_master_example$F162@ptr          cstackBANK0  000087
wr1RegCompleteHandler@p                                     cstackBANK0  000087
wr2RegCompleteHandler@i2c1_master_example$F168@ptr          cstackBANK0  000087
wr2RegCompleteHandler@p                                     cstackBANK0  000087
write16@reg                                                 cstackBANK0  000099
write16@val                                                 cstackBANK0  000097
write8@reg                                                  cstackBANK0  000099
write8@val                                                  cstackBANK0  000098
wtemp8                                                      temp         00005F
xtoa@c                                                      cstackBANK0  0000BA
xtoa@d                                                      cstackBANK0  00009B
xtoa@fp                                                     cstackBANK0  000099
xtoa@i                                                      cstackBANK0  0000B8
xtoa@n                                                      cstackBANK0  0000B0
xtoa@p                                                      cstackBANK0  0000AC
xtoa@w                                                      cstackBANK0  0000AE
xtoa@x                                                      cstackBANK0  0000A3


MODULE INFORMATION

Module		Function		Class		Link	Load	Size
mcc_generated_files/examples/i2c1_master_example.c
		_rdBlkRegCompleteHandler@i2c1_master_example$F179		CODE           	130D2	0000	82
		_rd1RegCompleteHandler@i2c1_master_example$F145		CODE           	13662	0000	62
		_rd2RegCompleteHandler@i2c1_master_example$F156		CODE           	13624	0000	62
		_wr1RegCompleteHandler@i2c1_master_example$F162		CODE           	135E6	0000	62
		_wr2RegCompleteHandler@i2c1_master_example$F168		CODE           	13798	0000	62

mcc_generated_files/examples/i2c1_master_example.c estimated size: 330

mcc_generated_files/eusart2.c
		_putch         		CODE           	141C0	0000	14
		_EUSART2_SetOverrunErrorHandler		CODE           	141F8	0000	14
		_EUSART2_SetErrorHandler		CODE           	14214	0000	14
		_EUSART2_Write 		CODE           	13F98	0000	26
		_EUSART2_Initialize		CODE           	1307E	0000	84
		_EUSART2_SetFramingErrorHandler		CODE           	14206	0000	14

mcc_generated_files/eusart2.c estimated size: 166

mcc_generated_files/i2c1_master.c
		_I2C1_DO_SEND_RESTART		CODE           	14122	0000	18
		_I2C1_DO_TX_EMPTY		CODE           	12862	0000	138
		_I2C1_DO_SEND_RESTART_READ		CODE           	14146	0000	18
		_I2C1_CallbackReturnStop		CODE           	141DC	0000	14
		_I2C1_MasterRead		CODE           	14264	0000	8
		_I2C1_DO_RX    		CODE           	12180	0000	180
		_I2C1_DO_TX    		CODE           	11D8E	0000	212
		_I2C1_SetAddressNackCallback		CODE           	13F0C	0000	28
		_I2C1_DO_IDLE  		CODE           	14076	0000	22
		_I2C1_MasterOpen		CODE           	13E14	0000	34
		_I2C1_DO_RCEN  		CODE           	14060	0000	22
		_I2C1_MasterSendTxData		CODE           	14246	0000	10
		_I2C1_MasterStop		CODE           	14308	0000	4
		_I2C1_CallbackReturnReset		CODE           	141CE	0000	14
		_I2C1_DO_RESET 		CODE           	1404A	0000	22
		_I2C1_MasterStartRx		CODE           	14304	0000	4
		_I2C1_Poller   		CODE           	13E94	0000	30
		_I2C1_DO_RX_ACK		CODE           	140FE	0000	18
		_I2C1_MasterWaitForEvent		CODE           	140C8	0000	18
		_I2C1_MasterSendNack		CODE           	142D0	0000	6
		_I2C1_DO_RX_NACK_RESTART		CODE           	140DA	0000	18
		_I2C1_MasterDisableIrq		CODE           	142D6	0000	6
		_I2C1_MasterOperation		CODE           	131C8	0000	80
		_I2C1_SetCallback		CODE           	12976	0000	136
		_I2C1_MasterEnableRestart		CODE           	1430C	0000	4
		_I2C1_Open     		CODE           	122DE	0000	170
		_I2C1_DO_ADDRESS_NACK		CODE           	12B88	0000	120
		_I2C1_SetBuffer		CODE           	13DCC	0000	36
		_I2C1_DO_SEND_RESTART_WRITE		CODE           	14134	0000	18
		_I2C1_MasterClose		CODE           	14314	0000	4
		_I2C1_MasterWrite		CODE           	1426C	0000	8
		_I2C1_Initialize		CODE           	140A0	0000	20
		_I2C1_Close    		CODE           	139CA	0000	48
		_I2C1_MasterIsNack		CODE           	1408C	0000	20
		_I2C1_MasterStart		CODE           	14310	0000	4
		_I2C1_DO_SEND_ADR_WRITE		CODE           	13FB2	0000	26
		_I2C1_MasterClearIrq		CODE           	142DC	0000	6
		_I2C1_SetDataCompleteCallback		CODE           	13F28	0000	28
		_I2C1_DO_SEND_STOP		CODE           	14110	0000	18
		_I2C1_MasterSendAck		CODE           	142CA	0000	6
		_I2C1_MasterFsm		CODE           	12CEE	0000	108
		_I2C1_MasterGetRxData		CODE           	14300	0000	4
		_I2C1_MasterSetIrq		CODE           	142C4	0000	6
		_I2C1_DO_SEND_ADR_READ		CODE           	13FCC	0000	26
		_I2C1_DO_RX_NACK_STOP		CODE           	140EC	0000	18

mcc_generated_files/i2c1_master.c estimated size: 1758

/Applications/microchip/xc8/v2.36/pic/sources/c99/common/lwdiv.c
		___lwdiv       		CODE           	12C78	0000	118

/Applications/microchip/xc8/v2.36/pic/sources/c99/common/lwdiv.c estimated size: 118

/Applications/microchip/xc8/v2.36/pic/sources/c99/common/awdiv.c
		___awdiv       		CODE           	11FF4	0000	198

/Applications/microchip/xc8/v2.36/pic/sources/c99/common/awdiv.c estimated size: 198

mcc_generated_files/interrupt_manager.c
		_INTERRUPT_Initialize		CODE           	14318	0000	4

mcc_generated_files/interrupt_manager.c estimated size: 4

/Applications/microchip/xc8/v2.36/pic/sources/c99/common/fltol.c
		___fltol       		CODE           	11BA8	0000	264

/Applications/microchip/xc8/v2.36/pic/sources/c99/common/fltol.c estimated size: 264

/Applications/microchip/xc8/v2.36/pic/sources/c99/common/printf.c
		_printf        		CODE           	13CC2	0000	40

/Applications/microchip/xc8/v2.36/pic/sources/c99/common/printf.c estimated size: 40

RGB4x4Click.c
		_RGBLed_InitDiode		CODE           	12740	0000	146
		_RGBLed_ResetDelay		CODE           	14158	0000	18
		_RGBLed_SetDiode		CODE           	127D2	0000	144
		_RGBLed_SetColor		CODE           	10000	0000	1372
		_reverse       		CODE           	13028	0000	86

RGB4x4Click.c estimated size: 1766

mcc_generated_files/pin_manager.c
		_PIN_MANAGER_Initialize		CODE           	12612	0000	152

mcc_generated_files/pin_manager.c estimated size: 152

/Applications/microchip/xc8/v2.36/pic/sources/c99/common/strlen.c
		_strlen        		CODE           	1384E	0000	58

/Applications/microchip/xc8/v2.36/pic/sources/c99/common/strlen.c estimated size: 58

/Applications/microchip/xc8/v2.36/pic/sources/c99/common/nf_fputs.c
		_fputs         		CODE           	132FE	0000	72

/Applications/microchip/xc8/v2.36/pic/sources/c99/common/nf_fputs.c estimated size: 72

mcc_generated_files/drivers/i2c_simple_master.c
		_i2c_readNBytes		CODE           	132B4	0000	74
		_wr1RegCompleteHandler		CODE           	1375A	0000	62
		_wr2RegCompleteHandler		CODE           	136A0	0000	62
		_i2c_writeNBytes		CODE           	12F66	0000	100
		_rdBlkRegCompleteHandler		CODE           	13124	0000	82
		_rd1RegCompleteHandler		CODE           	1371C	0000	62
		_rd2RegCompleteHandler		CODE           	136DE	0000	62

mcc_generated_files/drivers/i2c_simple_master.c estimated size: 504

/Applications/microchip/xc8/v2.36/pic/sources/c99/common/aldiv.c
		___aldiv       		CODE           	11A9A	0000	270

/Applications/microchip/xc8/v2.36/pic/sources/c99/common/aldiv.c estimated size: 270

mcc_generated_files/ext_int.c
		_INT0_SetInterruptHandler		CODE           	141EA	0000	14
		_EXT_INT_Initialize		CODE           	13ED0	0000	30
		_INT0_DefaultInterruptHandler		CODE           	14342	0000	2
		_INT0_CallBack 		CODE           	13968	0000	50
		_INT0_ISR      		CODE           	1425A	0000	10

mcc_generated_files/ext_int.c estimated size: 106

TCS3471.c
		_TCS3471_Init  		CODE           	11CB0	0000	222
		_TCS3471_ReadBData		CODE           	13ABA	0000	48
		_TCS3471_ReadCData		CODE           	13A8A	0000	48
		_TCS3471_ReadGData		CODE           	13A5A	0000	48
		_TCS3471_ReadRData		CODE           	13A2A	0000	48
		_TCS3471_SetIntegrationTime		CODE           	12388	0000	168
		_TCS3471_RgbcValid		CODE           	13932	0000	54
		_TCS3471_Enable		CODE           	13218	0000	78
		_TCS3471_Detect		CODE           	12234	0000	170
		_read16        		CODE           	13266	0000	78
		_TCS3471_InterruptPersistence		CODE           	12E32	0000	104
		__i2cWrite     		CODE           	13E76	0000	30
		_TCS3471_SetGain		CODE           	13D60	0000	36
		_TCS3471_EnableInterrupt		CODE           	13CEA	0000	40
		__i2cRead      		CODE           	13E58	0000	30
		_write16       		CODE           	13C6A	0000	44
		_TCS3471_ClearInterrupt		CODE           	1399A	0000	48
		_TCS3471_SetWaitTime		CODE           	117D4	0000	418
		_TCS3471_InterruptLowThreshold		CODE           	13D84	0000	36
		_read8         		CODE           	13568	0000	64
		_write8        		CODE           	13D12	0000	40
		_TCS3471_InterruptHighThreshold		CODE           	13DA8	0000	36

TCS3471.c estimated size: 1888

shared
		i2_I2C1_MasterDisableIrq		CODE           	142F4	0000	6
		i2_I2C1_MasterFsm		CODE           	12D5A	0000	108
		i2_I2C1_Poller 		CODE           	13EEE	0000	30
		i2_printf      		CODE           	13D3A	0000	38
		i2_I2C1_SetBuffer		CODE           	13DF0	0000	36
		i2_vfpfcnvrt   		CODE           	115EC	0000	488
		i2_pad         		CODE           	120BA	0000	198
		i2_I2C1_MasterGetRxData		CODE           	1431C	0000	4
		i2_I2C1_DO_IDLE		CODE           	1423A	0000	12
		i2_I2C1_DO_RCEN		CODE           	1422E	0000	12
		i2_I2C1_MasterSetIrq		CODE           	142E2	0000	6
		i2_putch       		CODE           	14250	0000	10
		i2_I2C1_MasterOpen		CODE           	13E36	0000	34
		i2_rd2RegCompleteHandler@i2c1_master_example$F156		CODE           	13B1A	0000	48
		i2_I2C1_MasterSendTxData		CODE           	142BC	0000	8
		i2_I2C1_MasterOperation		CODE           	1345A	0000	68
		i2_I2C1_MasterWaitForEvent		CODE           	1417C	0000	18
		i2_I2C1_MasterStop		CODE           	1432C	0000	4
		i2_vfprintf    		CODE           	12F00	0000	102
		i2_xtoa        		CODE           	11158	0000	678
		i2_I2C1_DO_RESET		CODE           	14222	0000	12
		i2_I2C1_SetCallback		CODE           	12A86	0000	132
		i2_I2C1_DO_SEND_ADR_READ		CODE           	141B0	0000	16
		i2_rdBlkRegCompleteHandler@i2c1_master_example$F179		CODE           	1349E	0000	68
		i2__i2cWrite   		CODE           	13FE6	0000	26
		i2_TCS3471_ClearInterrupt		CODE           	139FA	0000	48
		i2_I2C1_DO_RX_NACK_STOP		CODE           	1428C	0000	8
		i2_wr1RegCompleteHandler@i2c1_master_example$F162		CODE           	13AEA	0000	48
		i2_rd1RegCompleteHandler		CODE           	13BDA	0000	48
		i2_I2C1_MasterClose		CODE           	14338	0000	4
		i2_I2C1_MasterWrite		CODE           	14274	0000	8
		i2_i2c_writeNBytes		CODE           	12FCA	0000	94
		i2_I2C1_MasterEnableRestart		CODE           	14330	0000	4
		i2_RGBLed_SetDiode		CODE           	129FE	0000	136
		i2_I2C1_DO_SEND_RESTART		CODE           	142A4	0000	8
		__initialization		CODE           	13526	0000	56
		i2_I2C1_MasterStartRx		CODE           	14320	0000	4
		i2_I2C1_DO_TX_EMPTY		CODE           	12B0A	0000	126
		i2_rd2RegCompleteHandler		CODE           	13BAA	0000	48
		i2_I2C1_CallbackReturnStop		CODE           	14328	0000	4
		i2_EUSART2_Write		CODE           	14032	0000	24
		i2_wr2RegCompleteHandler@i2c1_master_example$F168		CODE           	13C3A	0000	48
		i2_I2C1_MasterIsNack		CODE           	140B4	0000	20
		_i2c1_fsmStateTable		MEDIUMCONST    	FDD9	0000	48
		i2_I2C1_DO_RX_ACK		CODE           	14294	0000	8
		i2_RGBLed_InitDiode		CODE           	128EC	0000	138
		i2_I2C1_MasterStart		CODE           	14334	0000	4
		i2_RGBLed_SetColor		CODE           	1055C	0000	1322
		i2_islower     		CODE           	1433C	0000	2
		i2_I2C1_DO_SEND_ADR_WRITE		CODE           	141A0	0000	16
		i2_reverse     		CODE           	13176	0000	82
		i2_RGBLed_ResetDelay		CODE           	1416A	0000	18
		i2_I2C1_DO_SEND_STOP		CODE           	1429C	0000	8
		i2_wr1RegCompleteHandler		CODE           	13C0A	0000	48
		i2_isupper     		CODE           	1433E	0000	2
		i2_I2C1_MasterClearIrq		CODE           	142FA	0000	6
		i2_i2c_readNBytes		CODE           	1338C	0000	70
		i2_I2C1_MasterSendNack		CODE           	142EE	0000	6
		i2_I2C1_DO_RX_NACK_RESTART		CODE           	14284	0000	8
		i2_fputc       		CODE           	126AA	0000	150
		i2_fputs       		CODE           	13416	0000	68
		i2_strlen      		CODE           	138FC	0000	54
		i2_I2C1_DO_SEND_RESTART_READ		CODE           	142B4	0000	8
		i2_I2C1_SetDataCompleteCallback		CODE           	13F7C	0000	28
		i2_read8       		CODE           	137D6	0000	62
		i2__i2cRead    		CODE           	14000	0000	26
		i2_I2C1_DO_SEND_RESTART_WRITE		CODE           	142AC	0000	8
		i2_I2C1_Open   		CODE           	124D8	0000	162
		i2_I2C1_DO_ADDRESS_NACK		CODE           	12DC6	0000	108
		i2_I2C1_CallbackReturnReset		CODE           	14324	0000	4
		i2_rdBlkRegCompleteHandler		CODE           	134E2	0000	68
		i2_I2C1_MasterSendAck		CODE           	142E8	0000	6
		i2_I2C1_DO_RX  		CODE           	12430	0000	168
		i2_I2C1_DO_TX  		CODE           	11F2C	0000	200
		i2_I2C1_Close  		CODE           	13C96	0000	44
		i2_toupper     		CODE           	133D2	0000	68
		i2_I2C1_SetAddressNackCallback		CODE           	13F60	0000	28
		i2_rd1RegCompleteHandler@i2c1_master_example$F145		CODE           	13B4A	0000	48
		i2_wr2RegCompleteHandler		CODE           	13B7A	0000	48
		i2_isalpha     		CODE           	14340	0000	2
		i2_I2C1_MasterRead		CODE           	1427C	0000	8

shared estimated size: 6050

/Applications/microchip/xc8/v2.36/pic/sources/c99/common/isupper.c
		_isupper       		CODE           	13888	0000	58

/Applications/microchip/xc8/v2.36/pic/sources/c99/common/isupper.c estimated size: 58

mcc_generated_files/mcc.c
		_PMD_Initialize		CODE           	13F44	0000	28
		_OSCILLATOR_Initialize		CODE           	1401A	0000	24
		_SYSTEM_Initialize		CODE           	13EB2	0000	30

mcc_generated_files/mcc.c estimated size: 82

/Applications/microchip/xc8/v2.36/pic/sources/c99/common/doprnt.c
		_vfpfcnvrt     		CODE           	113FE	0000	494
		_pad           		CODE           	11E62	0000	202
		_vfprintf      		CODE           	12E9A	0000	102
		_xtoa          		CODE           	10EB2	0000	678

/Applications/microchip/xc8/v2.36/pic/sources/c99/common/doprnt.c estimated size: 1476

/Applications/microchip/xc8/v2.36/pic/sources/c99/common/nf_fputc.c
		_fputc         		CODE           	1257A	0000	152

/Applications/microchip/xc8/v2.36/pic/sources/c99/common/nf_fputc.c estimated size: 152

/Applications/microchip/xc8/v2.36/pic/sources/c99/common/islower.c
		_islower       		CODE           	13814	0000	58

/Applications/microchip/xc8/v2.36/pic/sources/c99/common/islower.c estimated size: 58

/Applications/microchip/xc8/v2.36/pic/sources/c99/common/sprcmul.c
		___flmul       		CODE           	10A86	0000	1068

/Applications/microchip/xc8/v2.36/pic/sources/c99/common/sprcmul.c estimated size: 1068

main.c
		_combine_low_eight_bits		CODE           	12C00	0000	120
		_main          		CODE           	11976	0000	292
		_INTERRUPT_InterruptManager		CODE           	0008	0000	370
		_FillScreen    		CODE           	138C2	0000	58

main.c estimated size: 840

/Applications/microchip/xc8/v2.36/pic/sources/c99/common/toupper.c
		_toupper       		CODE           	13346	0000	70

/Applications/microchip/xc8/v2.36/pic/sources/c99/common/toupper.c estimated size: 70

/Applications/microchip/xc8/v2.36/pic/sources/c99/common/isalpha.c
		_isalpha       		CODE           	135A8	0000	62

/Applications/microchip/xc8/v2.36/pic/sources/c99/common/isalpha.c estimated size: 62

